2025-09-04 12:03:50 [DEBUG] This is a debug message
2025-09-04 12:03:50 [INFO] This is an info message
2025-09-04 12:03:50 [SUCCESS] Operation completed successfully!
2025-09-04 12:03:50 [WARNING] This is a warning
2025-09-04 12:03:50 [ERROR] This is an error
2025-09-04 12:03:50 [CRITICAL] This is critical
2025-09-04 12:04:21 This is a debug message
2025-09-04 12:04:21 This is an info message
2025-09-04 12:04:21 Operation completed successfully!
2025-09-04 12:04:21 This is a warning
2025-09-04 12:04:21 This is an error
2025-09-04 12:04:21 This is critical
2025-09-04 12:04:47 This is a debug message
2025-09-04 12:04:47 This is an info message
2025-09-04 12:04:47 Operation completed successfully!
2025-09-04 12:04:47 This is a warning
2025-09-04 12:04:47 This is an error
2025-09-04 12:04:47 This is critical
2025-09-04 12:04:54 This is a debug message
2025-09-04 12:04:54 This is an info message
2025-09-04 12:04:54 Operation completed successfully!
2025-09-04 12:04:54 This is a warning
2025-09-04 12:04:54 This is an error
2025-09-04 12:04:54 This is critical
2025-09-04 12:05:03 This is a debug message
2025-09-04 12:05:03 This is an info message
2025-09-04 12:05:03 Operation completed successfully!
2025-09-04 12:05:03 This is a warning
2025-09-04 12:05:03 This is an error
2025-09-04 12:05:03 This is critical
2025-09-04 12:05:40 This is a debug message
2025-09-04 12:05:40 This is an info message
2025-09-04 12:05:40 Operation completed successfully!
2025-09-04 12:05:40 This is a warning
2025-09-04 12:05:40 This is an error
2025-09-04 12:05:40 This is critical
2025-09-04 12:05:51 This is a debug message
2025-09-04 12:05:51 This is an info message
2025-09-04 12:05:51 Operation completed successfully!
2025-09-04 12:05:51 This is a warning
2025-09-04 12:05:51 This is an error
2025-09-04 12:05:51 This is critical
2025-09-04 12:06:17 This is a debug message
2025-09-04 12:06:17 This is an info message
2025-09-04 12:06:17 Operation completed successfully!
2025-09-04 12:06:17 This is a warning
2025-09-04 12:06:17 This is an error
2025-09-04 12:06:17 This is critical
2025-09-04 12:07:29 - DEBUG - This is a debug message
2025-09-04 12:07:29 - INFO - This is an info message
2025-09-04 12:07:29 - SUCCESS - Operation completed successfully!
2025-09-04 12:07:29 - WARNING - This is a warning
2025-09-04 12:07:29 - ERROR - This is an error
2025-09-04 12:07:29 - CRITICAL - This is critical
2025-09-04 12:07:40,604 - DEBUG - This is a debug message
2025-09-04 12:07:40,604 - INFO - This is an info message
2025-09-04 12:07:40,604 - SUCCESS - Operation completed successfully!
2025-09-04 12:07:40,604 - WARNING - This is a warning
2025-09-04 12:07:40,604 - ERROR - This is an error
2025-09-04 12:07:40,604 - CRITICAL - This is critical
2025-09-04 12:07:45,354 - DEBUG - This is a debug message
2025-09-04 12:07:45,354 - INFO - This is an info message
2025-09-04 12:07:45,354 - SUCCESS - Operation completed successfully!
2025-09-04 12:07:45,354 - WARNING - This is a warning
2025-09-04 12:07:45,354 - ERROR - This is an error
2025-09-04 12:07:45,354 - CRITICAL - This is critical
2025-09-04 12:08:31 This is a debug message
2025-09-04 12:08:31 This is an info message
2025-09-04 12:08:31 Operation completed successfully!
2025-09-04 12:08:31 This is a warning
2025-09-04 12:08:31 This is an error
2025-09-04 12:08:31 This is critical
2025-09-04 12:08:52 This is a debug message
2025-09-04 12:08:52 This is an info message
2025-09-04 12:08:52 Operation completed successfully!
2025-09-04 12:08:52 This is a warning
2025-09-04 12:08:52 This is an error
2025-09-04 12:08:52 This is critical
2025-09-04 12:09:03 This is a debug message
2025-09-04 12:09:03 This is an info message
2025-09-04 12:09:03 Operation completed successfully!
2025-09-04 12:09:03 This is a warning
2025-09-04 12:09:03 This is an error
2025-09-04 12:09:03 This is critical
2025-09-04 12:10:06 This is a debug message
2025-09-04 12:10:06 This is an info message
2025-09-04 12:10:06 Operation completed successfully!
2025-09-04 12:10:06 This is a warning
2025-09-04 12:10:06 This is an error
2025-09-04 12:10:06 This is critical
12:10:22 This is a debug message
12:10:22 This is an info message
12:10:22 Operation completed successfully!
12:10:22 This is a warning
12:10:22 This is an error
12:10:22 This is critical
12:10:35 This is a debug message
12:10:35 This is an info message
12:10:35 Operation completed successfully!
12:10:35 This is a warning
12:10:35 This is an error
12:10:35 This is critical
12:10:53 - This is a debug message
12:10:53 - This is an info message
12:10:53 - Operation completed successfully!
12:10:53 - This is a warning
12:10:53 - This is an error
12:10:53 - This is critical
2025-09-04 12:11:34 [DEBUG] This is a debug message
2025-09-04 12:11:34 [INFO] This is an info message
2025-09-04 12:11:34 [SUCCESS] Operation completed successfully!
2025-09-04 12:11:34 [WARNING] This is a warning
2025-09-04 12:11:34 [ERROR] This is an error
2025-09-04 12:11:34 [CRITICAL] This is critical
2025-09-04 12:11:48,570 [DEBUG] This is a debug message
2025-09-04 12:11:48,570 [INFO] This is an info message
2025-09-04 12:11:48,570 [SUCCESS] Operation completed successfully!
2025-09-04 12:11:48,570 [WARNING] This is a warning
2025-09-04 12:11:48,570 [ERROR] This is an error
2025-09-04 12:11:48,570 [CRITICAL] This is critical
2025-09-04 12:12:15 [DEBUG] This is a debug message
2025-09-04 12:12:15 [INFO] This is an info message
2025-09-04 12:12:15 [SUCCESS] Operation completed successfully!
2025-09-04 12:12:15 [WARNING] This is a warning
2025-09-04 12:12:15 [ERROR] This is an error
2025-09-04 12:12:15 [CRITICAL] This is critical
2025-09-04 12:13:44 [DEBUG] This is a debug message
2025-09-04 12:13:44 [INFO] This is an info message
2025-09-04 12:13:44 [SUCCESS] Operation completed successfully!
2025-09-04 12:13:44 [WARNING] This is a warning
2025-09-04 12:13:44 [ERROR] This is an error
2025-09-04 12:13:44 [CRITICAL] This is critical
2025-09-04 12:14:35 [DEBUG] This is a debug message
2025-09-04 12:14:35 [INFO] This is an info message
2025-09-04 12:14:35 [SUCCESS] Operation completed successfully!
2025-09-04 12:14:35 [WARNING] This is a warning
2025-09-04 12:14:35 [ERROR] This is an error
2025-09-04 12:14:35 [CRITICAL] This is critical
